Microchip MPLAB XC8 Compiler V2.31

Linker command line:

-W-3 --edf=C:\Program Files\Microchip\xc8\v2.31\pic\dat\en_msgs.txt -cn \
  -h+dist/default/production\Pro1.X.production.sym \
  --cmf=dist/default/production\Pro1.X.production.cmf -z -Q16F887 \
  -oC:\Users\Usuario\AppData\Local\Temp\sato.2 --defsym=__MPLAB_BUILD=1 \
  -Mdist/default/production/Pro1.X.production.map -E1 -ver=XC8 Compiler \
  --acfsm=1493 -ASTACK=0110h-016Fh -pstack=STACK -ACODE=00h-07FFhx4 \
  -ASTRCODE=00h-01FFFh -ASTRING=00h-0FFhx32 -ACONST=00h-0FFhx32 \
  -AENTRY=00h-0FFhx32 -ACOMMON=070h-07Fh -ABANK0=020h-06Fh \
  -ABANK1=0A0h-0EFh -ABANK2=0110h-016Fh -ABANK3=0190h-01EFh \
  -ARAM=020h-06Fh,0A0h-0EFh,0110h-016Fh,0190h-01EFh \
  -AABS1=020h-07Fh,0A0h-0EFh,0110h-016Fh,0190h-01EFh -ASFR0=00h-01Fh \
  -ASFR1=080h-09Fh -ASFR2=0100h-010Fh -ASFR3=0180h-018Fh \
  -ACONFIG=02007h-02008h -DCONFIG=2 -AIDLOC=02000h-02003h -DIDLOC=2 \
  -AEEDATA=00h-0FFh/02100h -peeprom_data=EEDATA -DEEDATA=2 -DCODE=2 \
  -DSTRCODE=2 -DSTRING=2 -DCONST=2 -DENTRY=2 \
  -preset_vec=00h,intentry=04h,init,end_init -ppowerup=CODE -pcinit=CODE \
  -pfunctab=ENTRY -k C:\Users\Usuario\AppData\Local\Temp\sato.o \
  dist/default/production\Pro1.X.production.o 

Object code version is 3.11

Machine type is 16F887



                Name                               Link     Load   Length Selector   Space Scale
C:\Users\Usuario\AppData\Local\Temp\sato.o
                end_init                             10       10        3        8       0
                reset_vec                             0        0        3        0       0
                config                             2007     2007        2        0       4
dist/default/production\Pro1.X.production.o
                cinit                                13       13       1C        8       0
                intentry                              4        4        C        8       0
                config                             2007     2007        2        0       4
                text31                              2AF      2AF      1DD        8       0
                text30                              5DF      5DF       7C        8       0
                text29                              48C      48C       BA        8       0
                text28                              F9D      F9D       63     1F3A       0
                text27                              C69      C69        D     18D2       0
                text26                              DE5      DE5       2E     1BCA       0
                text25                              C41      C41        9     1882       0
                text24                              C4A      C4A        9     1894       0
                text23                              C5D      C5D        C     18BA       0
                text22                              D8F      D8F       2B     1B1E       0
                text21                              CDB      CDB       1F     19B6       0
                text20                              CBD      CBD       1E     197A       0
                text19                              C76      C76        E     18EC       0
                text18                              546      546       99        8       0
                text17                              E49      E49       38     1C92       0
                text16                              CFA      CFA       1F     19F4       0
                text15                              F49      F49       54     1E92       0
                text14                              6CD      6CD       69        8       0
                text13                              CA6      CA6       17     194C       0
                text12                              79E      79E       5B        8       0
                text11                              D19      D19       26     1A32       0
                text10                              C84      C84        F     1908       0
                text9                               EBD      EBD       46     1D7A       0
                text8                               E81      E81       3C     1D02       0
                text7                               65B      65B       72        8       0
                text6                               D3F      D3F       26     1A7E       0
                text5                               736      736       68        8       0
                text4                               E13      E13       36     1C26       0
                text3                               F03      F03       46     1E06       0
                text2                               DBA      DBA       2B     1B74       0
                text1                               D65      D65       2A     1ACA       0
                maintext                             2F       2F      280        8       0
                cstackBANK0                          20       20       2A       20       1
                cstackCOMMON                         70       70        E       70       1
                cstackBANK1                          C4       C4       1B       A0       1
                clrtext                             C39      C39        8     1872       0
                inittext                            C93      C93       13     1926       0
                dataBANK1                            DF       DF        A       A0       1
                bssBANK1                             A0       A0       24       A0       1
                bssBANK0                             4A       4A        2       20       1
                strings                             800      800       20     1000       0
                idataBANK1                          C53      C53        A     18A6       0

TOTAL           Name                               Link     Load   Length     Space
        CLASS   STACK          

        CLASS   CODE           
                end_init                             10       10        3         0
                cinit                                13       13       1C         0
                intentry                              4        4        C         0
                reset_vec                             0        0        3         0
                text31                              2AF      2AF      1DD         0
                text30                              5DF      5DF       7C         0
                text29                              48C      48C       BA         0
                text28                              F9D      F9D       63         0
                text27                              C69      C69        D         0
                text26                              DE5      DE5       2E         0
                text25                              C41      C41        9         0
                text24                              C4A      C4A        9         0
                text23                              C5D      C5D        C         0
                text22                              D8F      D8F       2B         0
                text21                              CDB      CDB       1F         0
                text20                              CBD      CBD       1E         0
                text19                              C76      C76        E         0
                text18                              546      546       99         0
                text17                              E49      E49       38         0
                text16                              CFA      CFA       1F         0
                text15                              F49      F49       54         0
                text14                              6CD      6CD       69         0
                text13                              CA6      CA6       17         0
                text12                              79E      79E       5B         0
                text11                              D19      D19       26         0
                text10                              C84      C84        F         0
                text9                               EBD      EBD       46         0
                text8                               E81      E81       3C         0
                text7                               65B      65B       72         0
                text6                               D3F      D3F       26         0
                text5                               736      736       68         0
                text4                               E13      E13       36         0
                text3                               F03      F03       46         0
                text2                               DBA      DBA       2B         0
                text1                               D65      D65       2A         0
                maintext                             2F       2F      280         0
                clrtext                             C39      C39        8         0
                inittext                            C93      C93       13         0
                idataBANK1                          C53      C53        A         0

        CLASS   STRCODE        

        CLASS   STRING         
                strings                             800      800       20         0

        CLASS   CONST          

        CLASS   ENTRY          

        CLASS   COMMON         
                cstackCOMMON                         70       70        E         1

        CLASS   BANK0          
                cstackBANK0                          20       20       2A         1
                bssBANK0                             4A       4A        2         1

        CLASS   BANK1          
                cstackBANK1                          C4       C4       1B         1
                dataBANK1                            DF       DF        A         1
                bssBANK1                             A0       A0       24         1

        CLASS   BANK2          

        CLASS   BANK3          

        CLASS   RAM            

        CLASS   ABS1           
                abs_s1                               7E       7E        2         1

        CLASS   SFR0           

        CLASS   SFR1           

        CLASS   SFR2           

        CLASS   SFR3           

        CLASS   CONFIG         
                config                             2007     2007        2         4

        CLASS   IDLOC          

        CLASS   EEDATA         



SEGMENTS        Name                           Load    Length   Top    Selector   Space  Class     Delta

                reset_vec                      000000  000003  000003         0       0  CODE        2
                intentry                       000004  0007F5  0007F9         8       0  CODE        2
                cstackBANK0                    000020  00002C  00004C        20       1  BANK0       1
                cstackCOMMON                   000070  00000E  00007E        70       1  COMMON      1
                bssBANK1                       0000A0  000049  0000E9        A0       1  BANK1       1
                strings                        000800  000020  000820      1000       0  STRING      2
                clrtext                        000C39  000008  000C41      1872       0  CODE        2
                text25                         000C41  000009  000C4A      1882       0  CODE        2
                text24                         000C4A  000009  000C53      1894       0  CODE        2
                idataBANK1                     000C53  00000A  000C5D      18A6       0  CODE        2
                text23                         000C5D  00000C  000C69      18BA       0  CODE        2
                text27                         000C69  00000D  000C76      18D2       0  CODE        2
                text19                         000C76  00000E  000C84      18EC       0  CODE        2
                text10                         000C84  00000F  000C93      1908       0  CODE        2
                inittext                       000C93  000013  000CA6      1926       0  CODE        2
                text13                         000CA6  000017  000CBD      194C       0  CODE        2
                text20                         000CBD  00001E  000CDB      197A       0  CODE        2
                text21                         000CDB  00001F  000CFA      19B6       0  CODE        2
                text16                         000CFA  00001F  000D19      19F4       0  CODE        2
                text11                         000D19  000026  000D3F      1A32       0  CODE        2
                text6                          000D3F  000026  000D65      1A7E       0  CODE        2
                text1                          000D65  00002A  000D8F      1ACA       0  CODE        2
                text22                         000D8F  00002B  000DBA      1B1E       0  CODE        2
                text2                          000DBA  00002B  000DE5      1B74       0  CODE        2
                text26                         000DE5  00002E  000E13      1BCA       0  CODE        2
                text4                          000E13  000036  000E49      1C26       0  CODE        2
                text17                         000E49  000038  000E81      1C92       0  CODE        2
                text8                          000E81  00003C  000EBD      1D02       0  CODE        2
                text9                          000EBD  000046  000F03      1D7A       0  CODE        2
                text3                          000F03  000046  000F49      1E06       0  CODE        2
                text15                         000F49  000054  000F9D      1E92       0  CODE        2
                text28                         000F9D  000063  001000      1F3A       0  CODE        2


UNUSED ADDRESS RANGES

        Name                Unused          Largest block    Delta
        BANK0            004C-006F             24           1
        BANK1            00E9-00EF              7           1
        BANK2            0110-016F             60           1
        BANK3            0190-01EF             60           1
        CODE             0003-0003              1           2
                         07F9-07FF              7
                         0820-0C38            419
                         1000-1FFF            800
        CONST            0003-0003              1           2
                         07F9-07FF              7
                         0820-0C38            100
                         1000-1FFF            100
        EEDATA           2100-21FF            100           2
        ENTRY            0003-0003              1           2
                         07F9-07FF              7
                         0820-0C38            100
                         1000-1FFF            100
        IDLOC            2000-2003              4           2
        RAM              004C-006F             24           1
                         00E9-00EF              7
                         0110-016F             60
                         0190-01EF             60
        SFR0             0000-001F             20           1
        SFR1             0080-009F             20           1
        SFR2             0100-010F             10           1
        SFR3             0180-018F             10           1
        STACK            0110-016F             60           1
        STRCODE          0003-0003              1           2
                         07F9-07FF              7
                         0820-0C38            419
                         1000-1FFF           1000
        STRING           0003-0003              1           2
                         07F9-07FF              7
                         0820-0C38            100
                         1000-1FFF            100

                                  Symbol Table

?_I2C_Master_Read           cstackBANK1  00C4
?___awdiv                   cstackBANK1  00CB
?___awmod                   cstackBANK1  00C4
?___fldiv                   cstackBANK0  0020
?___fltol                   cstackBANK0  003A
?___lldiv                   cstackBANK1  00C4
?___lwdiv                   cstackBANK1  00C4
?___lwmod                   cstackBANK1  00C4
?___xxtofl                  cstackCOMMON 0070
I2C_Master_Init@c           cstackBANK1  00D2
I2C_Master_Read@a           cstackBANK1  00C4
I2C_Master_Read@temp        cstackBANK1  00C8
I2C_Master_Write@d          cstackBANK1  00C4
IO_Expander_Write@Data      cstackBANK1  00C8
LCD_CMD@CMD                 cstackBANK1  00CC
LCD_Init@I2C_Add            cstackBANK1  00CF
LCD_Set_Cursor@COL          cstackBANK1  00CD
LCD_Set_Cursor@ROW          cstackBANK1  00D0
LCD_Write_4Bit@Nibble       cstackBANK1  00CA
LCD_Write_Char@Data         cstackBANK1  00CC
LCD_Write_String@Str        cstackBANK1  00CD
LCD_Write_String@i          cstackBANK1  00D2
_ANSEL                      (abs)        0188
_ANSELH                     (abs)        0189
_BAUDCTLbits                (abs)        0187
_BackLight_State            dataBANK1    00DF
_I2C_Master_Init            text4        0E13
_I2C_Master_Read            text26       0DE5
_I2C_Master_Start           text25       0C41
_I2C_Master_Stop            text24       0C4A
_I2C_Master_Wait            text27       0C69
_I2C_Master_Write           text23       0C5D
_INTCONbits                 (abs)        000B
_IOCBbits                   (abs)        0096
_IO_Expander_Write          text22       0D8F
_LCD_CMD                    text20       0CBD
_LCD_Clear                  text19       0C76
_LCD_Init                   text18       0546
_LCD_Set_Cursor             text17       0E49
_LCD_Write_4Bit             text21       0CDB
_LCD_Write_Char             text16       0CFA
_LCD_Write_String           text15       0F49
_OPTION_REGbits             (abs)        0081
_OSCCONbits                 (abs)        008F
_PEN                        (abs)        048A
_PORTA                      (abs)        0005
_PORTBbits                  (abs)        0006
_PORTC                      (abs)        0007
_PORTD                      (abs)        0008
_PORTDbits                  (abs)        0008
_PORTE                      (abs)        0009
_RB4                        (abs)        0034
_RBIF                       (abs)        0058
_RCSTAbits                  (abs)        0018
_RS                         bssBANK1     00A2
_RSEN                       (abs)        0489
_SEN                        (abs)        0488
_SPBRG                      (abs)        0099
_SPBRGH                     (abs)        009A
_SSPADD                     (abs)        0093
_SSPBUF                     (abs)        0013
_SSPCON                     (abs)        0014
_SSPCON2                    (abs)        0091
_SSPCON2bits                (abs)        0091
_SSPSTAT                    (abs)        0094
_T1CONbits                  (abs)        0010
_TMR1H                      (abs)        000F
_TMR1L                      (abs)        000E
_TRISA                      (abs)        0085
_TRISB                      (abs)        0086
_TRISC                      (abs)        0087
_TRISCbits                  (abs)        0087
_TRISD                      (abs)        0088
_TRISE                      (abs)        0089
_TXIF                       (abs)        0064
_TXREG                      (abs)        0019
_TXSTAbits                  (abs)        0098
_WPUBbits                   (abs)        0095
__Habs1                     abs1         0000
__Hbank0                    bank0        0000
__Hbank1                    bank1        0000
__Hbank2                    bank2        0000
__Hbank3                    bank3        0000
__HbssBANK0                 bssBANK0     0000
__HbssBANK1                 bssBANK1     0000
__Hcinit                    cinit        002F
__Hclrtext                  clrtext      0000
__Hcode                     code         0000
__Hcommon                   common       0000
__Hconfig                   config       2009
__HcstackBANK0              cstackBANK0  0000
__HcstackBANK1              cstackBANK1  0000
__HcstackCOMMON             cstackCOMMON 0000
__HdataBANK1                dataBANK1    0000
__Heeprom_data              eeprom_data  0000
__Hend_init                 end_init     0013
__Hfunctab                  functab      0000
__HidataBANK1               idataBANK1   0000
__Hinit                     init         0010
__Hinittext                 inittext     0000
__Hintentry                 intentry     0010
__Hmaintext                 maintext     0000
__Hpowerup                  powerup      0000
__Hram                      ram          0000
__Hreset_vec                reset_vec    0003
__Hsfr0                     sfr0         0000
__Hsfr1                     sfr1         0000
__Hsfr2                     sfr2         0000
__Hsfr3                     sfr3         0000
__Hspace_0                  (abs)        1000
__Hspace_1                  (abs)        00E9
__Hspace_2                  (abs)        0000
__Hspace_3                  (abs)        0000
__Hspace_4                  (abs)        4010
__Hstack                    stack        0000
__Hstrings                  strings      0000
__Htext                     text         0000
__Labs1                     abs1         0000
__Lbank0                    bank0        0000
__Lbank1                    bank1        0000
__Lbank2                    bank2        0000
__Lbank3                    bank3        0000
__LbssBANK0                 bssBANK0     0000
__LbssBANK1                 bssBANK1     0000
__Lcinit                    cinit        0013
__Lclrtext                  clrtext      0000
__Lcode                     code         0000
__Lcommon                   common       0000
__Lconfig                   config       0000
__LcstackBANK0              cstackBANK0  0000
__LcstackBANK1              cstackBANK1  0000
__LcstackCOMMON             cstackCOMMON 0000
__LdataBANK1                dataBANK1    0000
__Leeprom_data              eeprom_data  0000
__Lend_init                 end_init     0010
__Lfunctab                  functab      0000
__LidataBANK1               idataBANK1   0000
__Linit                     init         0010
__Linittext                 inittext     0000
__Lintentry                 intentry     0004
__Lmaintext                 maintext     0000
__Lpowerup                  powerup      0000
__Lram                      ram          0000
__Lreset_vec                reset_vec    0000
__Lsfr0                     sfr0         0000
__Lsfr1                     sfr1         0000
__Lsfr2                     sfr2         0000
__Lsfr3                     sfr3         0000
__Lspace_0                  (abs)        0000
__Lspace_1                  (abs)        0000
__Lspace_2                  (abs)        0000
__Lspace_3                  (abs)        0000
__Lspace_4                  (abs)        0000
__Lstack                    stack        0000
__Lstrings                  strings      0000
__Ltext                     text         0000
__S0                        (abs)        1000
__S1                        (abs)        00E9
__S2                        (abs)        0000
__S3                        (abs)        0000
___awdiv                    text14       06CD
___awdiv@counter            cstackBANK1  00D0
___awdiv@dividend           cstackBANK1  00CD
___awdiv@divisor            cstackBANK1  00CB
___awdiv@quotient           cstackBANK1  00D2
___awdiv@sign               cstackBANK1  00D1
___awmod                    text12       079E
___awmod@counter            cstackBANK1  00C9
___awmod@dividend           cstackBANK1  00C6
___awmod@divisor            cstackBANK1  00C4
___awmod@sign               cstackBANK1  00CA
___fldiv                    text31       02AF
___fldiv@a                  cstackBANK0  0020
___fldiv@aexp               cstackBANK0  0039
___fldiv@b                  cstackBANK0  0024
___fldiv@bexp               cstackBANK0  0038
___fldiv@grs                cstackBANK0  0034
___fldiv@new_exp            cstackBANK0  0032
___fldiv@rem                cstackBANK0  002D
___fldiv@sign               cstackBANK0  0031
___fltol                    text30       05DF
___fltol@exp1               cstackBANK0  0044
___fltol@f1                 cstackBANK0  003A
___fltol@sign1              cstackBANK0  0043
___int_sp                   stack        0000
___latbits                  (abs)        0002
___lldiv                    text5        0736
___lldiv@counter            cstackBANK1  00D1
___lldiv@dividend           cstackBANK1  00C8
___lldiv@divisor            cstackBANK1  00C4
___lldiv@quotient           cstackBANK1  00CD
___lwdiv                    text9        0EBD
___lwdiv@counter            cstackBANK1  00CB
___lwdiv@dividend           cstackBANK1  00C6
___lwdiv@divisor            cstackBANK1  00C4
___lwdiv@quotient           cstackBANK1  00C9
___lwmod                    text8        0E81
___lwmod@counter            cstackBANK1  00C9
___lwmod@dividend           cstackBANK1  00C6
___lwmod@divisor            cstackBANK1  00C4
___sp                       stack        0000
___stackhi                  (abs)        0000
___stacklo                  (abs)        0000
___xxtofl                   text29       048C
___xxtofl@arg               cstackCOMMON 007A
___xxtofl@exp               cstackCOMMON 0079
___xxtofl@sign              cstackCOMMON 0078
___xxtofl@val               cstackCOMMON 0070
__end_of_I2C_Master_Init    text4        0E49
__end_of_I2C_Master_Read    text26       0E13
__end_of_I2C_Master_Start   text25       0C4A
__end_of_I2C_Master_Stop    text24       0C53
__end_of_I2C_Master_Wait    text27       0C76
__end_of_I2C_Master_Write   text23       0C69
__end_of_IO_Expander_Write  text22       0DBA
__end_of_LCD_CMD            text20       0CDB
__end_of_LCD_Clear          text19       0C84
__end_of_LCD_Init           text18       05DF
__end_of_LCD_Set_Cursor     text17       0E81
__end_of_LCD_Write_4Bit     text21       0CFA
__end_of_LCD_Write_Char     text16       0D19
__end_of_LCD_Write_String   text15       0F9D
__end_of___awdiv            text14       0736
__end_of___awmod            text12       07F9
__end_of___fldiv            text31       048C
__end_of___fltol            text30       065B
__end_of___lldiv            text5        079E
__end_of___lwdiv            text9        0F03
__end_of___lwmod            text8        0EBD
__end_of___xxtofl           text29       0546
__end_of__initialization    cinit        002B
__end_of__stringtab         strings      0810
__end_of_centenas           text13       0CBD
__end_of_decenas            text11       0D3F
__end_of_envio_char         text10       0C93
__end_of_isr                text28       1000
__end_of_itoa               text6        0D65
__end_of_main               maintext     02AF
__end_of_setup              text3        0F49
__end_of_strcat             text2        0DE5
__end_of_unidades           text1        0D8F
__end_of_utoa               text7        06CD
__initialization            cinit        0013
__pbssBANK0                 bssBANK0     004A
__pbssBANK1                 bssBANK1     00A0
__pcstackBANK0              cstackBANK0  0020
__pcstackBANK1              cstackBANK1  00C4
__pcstackCOMMON             cstackCOMMON 0070
__pdataBANK1                dataBANK1    00DF
__pidataBANK1               idataBANK1   0C53
__pintentry                 intentry     0004
__pmaintext                 maintext     002F
__pstrings                  strings      0800
__ptext1                    text1        0D65
__ptext10                   text10       0C84
__ptext11                   text11       0D19
__ptext12                   text12       079E
__ptext13                   text13       0CA6
__ptext14                   text14       06CD
__ptext15                   text15       0F49
__ptext16                   text16       0CFA
__ptext17                   text17       0E49
__ptext18                   text18       0546
__ptext19                   text19       0C76
__ptext2                    text2        0DBA
__ptext20                   text20       0CBD
__ptext21                   text21       0CDB
__ptext22                   text22       0D8F
__ptext23                   text23       0C5D
__ptext24                   text24       0C4A
__ptext25                   text25       0C41
__ptext26                   text26       0DE5
__ptext27                   text27       0C69
__ptext28                   text28       0F9D
__ptext29                   text29       048C
__ptext3                    text3        0F03
__ptext30                   text30       05DF
__ptext31                   text31       02AF
__ptext4                    text4        0E13
__ptext5                    text5        0736
__ptext6                    text6        0D3F
__ptext7                    text7        065B
__ptext8                    text8        0E81
__ptext9                    text9        0EBD
__size_of_I2C_Master_Init   (abs)        0000
__size_of_I2C_Master_Read   (abs)        0000
__size_of_I2C_Master_Start  (abs)        0000
__size_of_I2C_Master_Stop   (abs)        0000
__size_of_I2C_Master_Wait   (abs)        0000
__size_of_I2C_Master_Write  (abs)        0000
__size_of_IO_Expander_Write (abs)        0000
__size_of_LCD_CMD           (abs)        0000
__size_of_LCD_Clear         (abs)        0000
__size_of_LCD_Init          (abs)        0000
__size_of_LCD_Set_Cursor    (abs)        0000
__size_of_LCD_Write_4Bit    (abs)        0000
__size_of_LCD_Write_Char    (abs)        0000
__size_of_LCD_Write_String  (abs)        0000
__size_of___awdiv           (abs)        0000
__size_of___awmod           (abs)        0000
__size_of___fldiv           (abs)        0000
__size_of___fltol           (abs)        0000
__size_of___lldiv           (abs)        0000
__size_of___lwdiv           (abs)        0000
__size_of___lwmod           (abs)        0000
__size_of___xxtofl          (abs)        0000
__size_of_centenas          (abs)        0000
__size_of_decenas           (abs)        0000
__size_of_envio_char        (abs)        0000
__size_of_isr               (abs)        0000
__size_of_itoa              (abs)        0000
__size_of_main              (abs)        0000
__size_of_setup             (abs)        0000
__size_of_strcat            (abs)        0000
__size_of_unidades          (abs)        0000
__size_of_utoa              (abs)        0000
__stringbase                strings      080F
__stringtab                 strings      0800
_a                          bssBANK1     00BF
_b                          bssBANK1     00BA
_c                          bssBANK1     00B5
_c_dist                     bssBANK1     00A6
_cad                        dataBANK1    00E5
_cad1                       dataBANK1    00E1
_centenas                   text13       0CA6
_d                          bssBANK1     00B0
_d_dist                     bssBANK1     00A7
_d_temp                     bssBANK1     00A4
_decenas                    text11       0D19
_dia                        bssBANK1     00A9
_e                          bssBANK1     00AB
_envio_char                 text10       0C84
_i2c_add                    dataBANK1    00E0
_isr                        text28       0F9D
_itoa                       text6        0D3F
_main                       maintext     002F
_q                          bssBANK1     00A0
_setup                      text3        0F03
_strcat                     text2        0DBA
_tem                        bssBANK1     00AA
_u_dist                     bssBANK1     00A8
_u_luz                      bssBANK1     00A3
_u_temp                     bssBANK1     00A5
_unidades                   text1        0D65
_unidades$1324              cstackBANK1  00CE
_utoa                       text7        065B
btemp                       (abs)        007E
centenas@dato               cstackBANK1  00D4
centenas@out                cstackBANK1  00D7
clear_ram0                  clrtext      0C39
decenas@dato                cstackBANK1  00D4
decenas@out                 cstackBANK1  00D7
end_of_initialization       cinit        002B
envio_char@dato             cstackBANK1  00C4
init_fetch0                 inittext     0C93
init_ram0                   inittext     0C97
interrupt_function          intentry     0004
intlevel0                   functab      0000
intlevel1                   functab      0000
intlevel2                   functab      0000
intlevel3                   functab      0000
intlevel4                   functab      0000
intlevel5                   functab      0000
itoa@base                   cstackBANK1  00D7
itoa@buf                    cstackBANK1  00DB
itoa@val                    cstackBANK1  00D5
reset_vec                   reset_vec    0000
saved_w                     (abs)        007E
start                       init         0010
start_initialization        cinit        0013
strcat@cp                   cstackBANK1  00C7
strcat@from                 cstackBANK1  00C4
strcat@to                   cstackBANK1  00C6
unidades@dato               cstackBANK1  00CB
unidades@out                cstackBANK1  00D0
utoa@base                   cstackBANK1  00CE
utoa@buf                    cstackBANK1  00D4
utoa@c                      cstackBANK1  00D3
utoa@v                      cstackBANK1  00D1
utoa@val                    cstackBANK1  00CC
wtemp0                      (abs)        007E


FUNCTION INFORMATION:

 *************** function _main *****************
 Defined at:
		line 85 in file "main.c"
 Parameters:    Size  Location     Type
		None
 Auto vars:     Size  Location     Type
		None
 Return value:  Size  Location     Type
                  1    wreg      void 
 Registers used:
		wreg, fsr0l, fsr0h, status,2, status,0, btemp+1, pclath, cstack
 Tracked objects:
		On entry : 
		On exit  : 
		Unchanged: 
 Data sizes:     COMMON   BANK0   BANK1   BANK3   BANK2
      Params:         0       0       0       0       0
      Locals:         0       0       0       0       0
      Temps:          0       0       3       0       0
      Totals:         0       0       3       0       0
Total ram usage:        3 bytes
 Hardware stack levels required when called:    8
 This function calls:
		_I2C_Master_Read
		_I2C_Master_Start
		_I2C_Master_Stop
		_I2C_Master_Write
		_LCD_Clear
		_LCD_Init
		_LCD_Set_Cursor
		_LCD_Write_String
		_centenas
		_decenas
		_envio_char
		_itoa
		_setup
		_strcat
		_unidades
 This function is called by:
		Startup code after reset
 This function uses a non-reentrant model


 *************** function _unidades *****************
 Defined at:
		line 265 in file "main.c"
 Parameters:    Size  Location     Type
  dato            2    7[BANK1 ] int 
 Auto vars:     Size  Location     Type
  out             1   12[BANK1 ] unsigned char 
 Return value:  Size  Location     Type
                  1    wreg      unsigned char 
 Registers used:
		wreg, status,2, status,0, pclath, cstack
 Tracked objects:
		On entry : 
		On exit  : 
		Unchanged: 
 Data sizes:     COMMON   BANK0   BANK1   BANK3   BANK2
      Params:         0       0       2       0       0
      Locals:         0       0       3       0       0
      Temps:          0       0       1       0       0
      Totals:         0       0       6       0       0
Total ram usage:        6 bytes
 Hardware stack levels used:    1
 Hardware stack levels required when called:    3
 This function calls:
		___awmod
 This function is called by:
		_main
 This function uses a non-reentrant model


 *************** function _strcat *****************
 Defined at:
		line 8 in file "C:\Program Files\Microchip\xc8\v2.31\pic\sources\c90\common\strcat.c"
 Parameters:    Size  Location     Type
  to              1    wreg     PTR unsigned char 
		 -> d(5), a(5), 
  from            1    0[BANK1 ] PTR const unsigned char 
		 -> e(5), c(5), b(5), 
 Auto vars:     Size  Location     Type
  to              1    2[BANK1 ] PTR unsigned char 
		 -> d(5), a(5), 
  cp              1    3[BANK1 ] PTR unsigned char 
		 -> d(5), a(5), 
 Return value:  Size  Location     Type
                  1    wreg      PTR unsigned char 
 Registers used:
		wreg, fsr0l, fsr0h, status,2, status,0
 Tracked objects:
		On entry : 
		On exit  : 
		Unchanged: 
 Data sizes:     COMMON   BANK0   BANK1   BANK3   BANK2
      Params:         0       0       1       0       0
      Locals:         0       0       2       0       0
      Temps:          0       0       1       0       0
      Totals:         0       0       4       0       0
Total ram usage:        4 bytes
 Hardware stack levels used:    1
 Hardware stack levels required when called:    2
 This function calls:
		Nothing
 This function is called by:
		_main
 This function uses a non-reentrant model


 *************** function _setup *****************
 Defined at:
		line 179 in file "main.c"
 Parameters:    Size  Location     Type
		None
 Auto vars:     Size  Location     Type
		None
 Return value:  Size  Location     Type
                  1    wreg      void 
 Registers used:
		wreg, status,2, status,0, pclath, cstack
 Tracked objects:
		On entry : 
		On exit  : 
		Unchanged: 
 Data sizes:     COMMON   BANK0   BANK1   BANK3   BANK2
      Params:         0       0       0       0       0
      Locals:         0       0       0       0       0
      Temps:          0       0       0       0       0
      Totals:         0       0       0       0       0
Total ram usage:        0 bytes
 Hardware stack levels used:    1
 Hardware stack levels required when called:    4
 This function calls:
		_I2C_Master_Init
 This function is called by:
		_main
 This function uses a non-reentrant model


 *************** function _I2C_Master_Init *****************
 Defined at:
		line 19 in file "LCD.c"
 Parameters:    Size  Location     Type
  c               4   14[BANK1 ] const unsigned long 
 Auto vars:     Size  Location     Type
		None
 Return value:  Size  Location     Type
                  1    wreg      void 
 Registers used:
		wreg, status,2, status,0, pclath, cstack
 Tracked objects:
		On entry : 
		On exit  : 
		Unchanged: 
 Data sizes:     COMMON   BANK0   BANK1   BANK3   BANK2
      Params:         0       0       4       0       0
      Locals:         0       0       0       0       0
      Temps:          0       0       4       0       0
      Totals:         0       0       8       0       0
Total ram usage:        8 bytes
 Hardware stack levels used:    1
 Hardware stack levels required when called:    3
 This function calls:
		___lldiv
 This function is called by:
		_setup
 This function uses a non-reentrant model


 *************** function ___lldiv *****************
 Defined at:
		line 5 in file "C:\Program Files\Microchip\xc8\v2.31\pic\sources\c90\common\__lldiv.c"
 Parameters:    Size  Location     Type
  divisor         4    0[BANK1 ] unsigned long 
  dividend        4    4[BANK1 ] unsigned long 
 Auto vars:     Size  Location     Type
  quotient        4    9[BANK1 ] unsigned long 
  counter         1   13[BANK1 ] unsigned char 
 Return value:  Size  Location     Type
                  4    0[BANK1 ] unsigned long 
 Registers used:
		wreg, status,2, status,0
 Tracked objects:
		On entry : 
		On exit  : 
		Unchanged: 
 Data sizes:     COMMON   BANK0   BANK1   BANK3   BANK2
      Params:         0       0       8       0       0
      Locals:         0       0       5       0       0
      Temps:          0       0       1       0       0
      Totals:         0       0      14       0       0
Total ram usage:       14 bytes
 Hardware stack levels used:    1
 Hardware stack levels required when called:    2
 This function calls:
		Nothing
 This function is called by:
		_I2C_Master_Init
 This function uses a non-reentrant model


 *************** function _itoa *****************
 Defined at:
		line 4 in file "C:\Program Files\Microchip\xc8\v2.31\pic\sources\c90\common\itoa.c"
 Parameters:    Size  Location     Type
  buf             1    wreg     PTR unsigned char 
		 -> e(5), d(5), c(5), b(5), 
		 -> a(5), 
  val             2   17[BANK1 ] int 
  base            2   19[BANK1 ] int 
 Auto vars:     Size  Location     Type
  buf             1   23[BANK1 ] PTR unsigned char 
		 -> e(5), d(5), c(5), b(5), 
		 -> a(5), 
  cp              1    0        PTR unsigned char 
		 -> e(5), d(5), c(5), b(5), 
		 -> a(5), 
 Return value:  Size  Location     Type
                  1    wreg      PTR unsigned char 
 Registers used:
		wreg, fsr0l, fsr0h, status,2, status,0, pclath, cstack
 Tracked objects:
		On entry : 
		On exit  : 
		Unchanged: 
 Data sizes:     COMMON   BANK0   BANK1   BANK3   BANK2
      Params:         0       0       4       0       0
      Locals:         0       0       2       0       0
      Temps:          0       0       1       0       0
      Totals:         0       0       7       0       0
Total ram usage:        7 bytes
 Hardware stack levels used:    1
 Hardware stack levels required when called:    4
 This function calls:
		_utoa
 This function is called by:
		_main
 This function uses a non-reentrant model


 *************** function _utoa *****************
 Defined at:
		line 17 in file "C:\Program Files\Microchip\xc8\v2.31\pic\sources\c90\common\itoa.c"
 Parameters:    Size  Location     Type
  buf             1    wreg     PTR unsigned char 
		 -> e(5), d(5), c(5), b(5), 
		 -> a(5), 
  val             2    8[BANK1 ] unsigned int 
  base            2   10[BANK1 ] int 
 Auto vars:     Size  Location     Type
  buf             1   16[BANK1 ] PTR unsigned char 
		 -> e(5), d(5), c(5), b(5), 
		 -> a(5), 
  v               2   13[BANK1 ] unsigned int 
  c               1   15[BANK1 ] unsigned char 
 Return value:  Size  Location     Type
                  1    wreg      PTR unsigned char 
 Registers used:
		wreg, fsr0l, fsr0h, status,2, status,0, pclath, cstack
 Tracked objects:
		On entry : 
		On exit  : 
		Unchanged: 
 Data sizes:     COMMON   BANK0   BANK1   BANK3   BANK2
      Params:         0       0       4       0       0
      Locals:         0       0       4       0       0
      Temps:          0       0       1       0       0
      Totals:         0       0       9       0       0
Total ram usage:        9 bytes
 Hardware stack levels used:    1
 Hardware stack levels required when called:    3
 This function calls:
		___lwdiv
		___lwmod
 This function is called by:
		_itoa
 This function uses a non-reentrant model


 *************** function ___lwmod *****************
 Defined at:
		line 5 in file "C:\Program Files\Microchip\xc8\v2.31\pic\sources\c90\common\lwmod.c"
 Parameters:    Size  Location     Type
  divisor         2    0[BANK1 ] unsigned int 
  dividend        2    2[BANK1 ] unsigned int 
 Auto vars:     Size  Location     Type
  counter         1    5[BANK1 ] unsigned char 
 Return value:  Size  Location     Type
                  2    0[BANK1 ] unsigned int 
 Registers used:
		wreg, status,2, status,0
 Tracked objects:
		On entry : 
		On exit  : 
		Unchanged: 
 Data sizes:     COMMON   BANK0   BANK1   BANK3   BANK2
      Params:         0       0       4       0       0
      Locals:         0       0       1       0       0
      Temps:          0       0       1       0       0
      Totals:         0       0       6       0       0
Total ram usage:        6 bytes
 Hardware stack levels used:    1
 Hardware stack levels required when called:    2
 This function calls:
		Nothing
 This function is called by:
		_utoa
 This function uses a non-reentrant model


 *************** function ___lwdiv *****************
 Defined at:
		line 5 in file "C:\Program Files\Microchip\xc8\v2.31\pic\sources\c90\common\lwdiv.c"
 Parameters:    Size  Location     Type
  divisor         2    0[BANK1 ] unsigned int 
  dividend        2    2[BANK1 ] unsigned int 
 Auto vars:     Size  Location     Type
  quotient        2    5[BANK1 ] unsigned int 
  counter         1    7[BANK1 ] unsigned char 
 Return value:  Size  Location     Type
                  2    0[BANK1 ] unsigned int 
 Registers used:
		wreg, status,2, status,0
 Tracked objects:
		On entry : 
		On exit  : 
		Unchanged: 
 Data sizes:     COMMON   BANK0   BANK1   BANK3   BANK2
      Params:         0       0       4       0       0
      Locals:         0       0       3       0       0
      Temps:          0       0       1       0       0
      Totals:         0       0       8       0       0
Total ram usage:        8 bytes
 Hardware stack levels used:    1
 Hardware stack levels required when called:    2
 This function calls:
		Nothing
 This function is called by:
		_utoa
 This function uses a non-reentrant model


 *************** function _envio_char *****************
 Defined at:
		line 249 in file "main.c"
 Parameters:    Size  Location     Type
  dato            1    wreg     unsigned char 
 Auto vars:     Size  Location     Type
  dato            1    0[BANK1 ] unsigned char 
 Return value:  Size  Location     Type
                  1    wreg      void 
 Registers used:
		wreg
 Tracked objects:
		On entry : 
		On exit  : 
		Unchanged: 
 Data sizes:     COMMON   BANK0   BANK1   BANK3   BANK2
      Params:         0       0       0       0       0
      Locals:         0       0       1       0       0
      Temps:          0       0       0       0       0
      Totals:         0       0       1       0       0
Total ram usage:        1 bytes
 Hardware stack levels used:    1
 Hardware stack levels required when called:    2
 This function calls:
		Nothing
 This function is called by:
		_main
		_envio_caract
 This function uses a non-reentrant model


 *************** function _decenas *****************
 Defined at:
		line 259 in file "main.c"
 Parameters:    Size  Location     Type
  dato            2   16[BANK1 ] int 
 Auto vars:     Size  Location     Type
  out             1   19[BANK1 ] unsigned char 
 Return value:  Size  Location     Type
                  1    wreg      unsigned char 
 Registers used:
		wreg, status,2, status,0, pclath, cstack
 Tracked objects:
		On entry : 
		On exit  : 
		Unchanged: 
 Data sizes:     COMMON   BANK0   BANK1   BANK3   BANK2
      Params:         0       0       2       0       0
      Locals:         0       0       1       0       0
      Temps:          0       0       1       0       0
      Totals:         0       0       4       0       0
Total ram usage:        4 bytes
 Hardware stack levels used:    1
 Hardware stack levels required when called:    3
 This function calls:
		___awdiv
		___awmod
 This function is called by:
		_main
 This function uses a non-reentrant model


 *************** function ___awmod *****************
 Defined at:
		line 5 in file "C:\Program Files\Microchip\xc8\v2.31\pic\sources\c90\common\awmod.c"
 Parameters:    Size  Location     Type
  divisor         2    0[BANK1 ] int 
  dividend        2    2[BANK1 ] int 
 Auto vars:     Size  Location     Type
  sign            1    6[BANK1 ] unsigned char 
  counter         1    5[BANK1 ] unsigned char 
 Return value:  Size  Location     Type
                  2    0[BANK1 ] int 
 Registers used:
		wreg, status,2, status,0
 Tracked objects:
		On entry : 
		On exit  : 
		Unchanged: 
 Data sizes:     COMMON   BANK0   BANK1   BANK3   BANK2
      Params:         0       0       4       0       0
      Locals:         0       0       2       0       0
      Temps:          0       0       1       0       0
      Totals:         0       0       7       0       0
Total ram usage:        7 bytes
 Hardware stack levels used:    1
 Hardware stack levels required when called:    2
 This function calls:
		Nothing
 This function is called by:
		_decenas
		_unidades
 This function uses a non-reentrant model


 *************** function _centenas *****************
 Defined at:
		line 254 in file "main.c"
 Parameters:    Size  Location     Type
  dato            2   16[BANK1 ] int 
 Auto vars:     Size  Location     Type
  out             1   19[BANK1 ] unsigned char 
 Return value:  Size  Location     Type
                  1    wreg      unsigned char 
 Registers used:
		wreg, status,2, status,0, pclath, cstack
 Tracked objects:
		On entry : 
		On exit  : 
		Unchanged: 
 Data sizes:     COMMON   BANK0   BANK1   BANK3   BANK2
      Params:         0       0       2       0       0
      Locals:         0       0       1       0       0
      Temps:          0       0       1       0       0
      Totals:         0       0       4       0       0
Total ram usage:        4 bytes
 Hardware stack levels used:    1
 Hardware stack levels required when called:    3
 This function calls:
		___awdiv
 This function is called by:
		_main
 This function uses a non-reentrant model


 *************** function ___awdiv *****************
 Defined at:
		line 5 in file "C:\Program Files\Microchip\xc8\v2.31\pic\sources\c90\common\awdiv.c"
 Parameters:    Size  Location     Type
  divisor         2    7[BANK1 ] int 
  dividend        2    9[BANK1 ] int 
 Auto vars:     Size  Location     Type
  quotient        2   14[BANK1 ] int 
  sign            1   13[BANK1 ] unsigned char 
  counter         1   12[BANK1 ] unsigned char 
 Return value:  Size  Location     Type
                  2    7[BANK1 ] int 
 Registers used:
		wreg, status,2, status,0
 Tracked objects:
		On entry : 
		On exit  : 
		Unchanged: 
 Data sizes:     COMMON   BANK0   BANK1   BANK3   BANK2
      Params:         0       0       4       0       0
      Locals:         0       0       4       0       0
      Temps:          0       0       1       0       0
      Totals:         0       0       9       0       0
Total ram usage:        9 bytes
 Hardware stack levels used:    1
 Hardware stack levels required when called:    2
 This function calls:
		Nothing
 This function is called by:
		_centenas
		_decenas
 This function uses a non-reentrant model


 *************** function _LCD_Write_String *****************
 Defined at:
		line 120 in file "LCD.c"
 Parameters:    Size  Location     Type
  Str             2    9[BANK1 ] PTR unsigned char 
		 -> d(5), cad1(4), cad(4), a(5), 
		 -> STR_1(16), 
 Auto vars:     Size  Location     Type
  i               2   14[BANK1 ] int 
 Return value:  Size  Location     Type
                  1    wreg      void 
 Registers used:
		wreg, fsr0l, fsr0h, status,2, status,0, btemp+1, pclath, cstack
 Tracked objects:
		On entry : 
		On exit  : 
		Unchanged: 
 Data sizes:     COMMON   BANK0   BANK1   BANK3   BANK2
      Params:         0       0       2       0       0
      Locals:         0       0       2       0       0
      Temps:          0       0       3       0       0
      Totals:         0       0       7       0       0
Total ram usage:        7 bytes
 Hardware stack levels used:    1
 Hardware stack levels required when called:    7
 This function calls:
		_LCD_Write_Char
 This function is called by:
		_main
 This function uses a non-reentrant model


 *************** function _LCD_Write_Char *****************
 Defined at:
		line 114 in file "LCD.c"
 Parameters:    Size  Location     Type
  Data            1    wreg     unsigned char 
 Auto vars:     Size  Location     Type
  Data            1    8[BANK1 ] unsigned char 
 Return value:  Size  Location     Type
                  1    wreg      void 
 Registers used:
		wreg, status,2, status,0, pclath, cstack
 Tracked objects:
		On entry : 
		On exit  : 
		Unchanged: 
 Data sizes:     COMMON   BANK0   BANK1   BANK3   BANK2
      Params:         0       0       0       0       0
      Locals:         0       0       1       0       0
      Temps:          0       0       1       0       0
      Totals:         0       0       2       0       0
Total ram usage:        2 bytes
 Hardware stack levels used:    1
 Hardware stack levels required when called:    6
 This function calls:
		_LCD_Write_4Bit
 This function is called by:
		_LCD_Write_String
 This function uses a non-reentrant model


 *************** function _LCD_Set_Cursor *****************
 Defined at:
		line 125 in file "LCD.c"
 Parameters:    Size  Location     Type
  ROW             1    wreg     unsigned char 
  COL             1    9[BANK1 ] unsigned char 
 Auto vars:     Size  Location     Type
  ROW             1   12[BANK1 ] unsigned char 
 Return value:  Size  Location     Type
                  1    wreg      void 
 Registers used:
		wreg, fsr0l, fsr0h, status,2, status,0, pclath, cstack
 Tracked objects:
		On entry : 
		On exit  : 
		Unchanged: 
 Data sizes:     COMMON   BANK0   BANK1   BANK3   BANK2
      Params:         0       0       1       0       0
      Locals:         0       0       1       0       0
      Temps:          0       0       2       0       0
      Totals:         0       0       4       0       0
Total ram usage:        4 bytes
 Hardware stack levels used:    1
 Hardware stack levels required when called:    7
 This function calls:
		_LCD_CMD
 This function is called by:
		_main
 This function uses a non-reentrant model


 *************** function _LCD_Init *****************
 Defined at:
		line 71 in file "LCD.c"
 Parameters:    Size  Location     Type
  I2C_Add         1    wreg     unsigned char 
 Auto vars:     Size  Location     Type
  I2C_Add         1   11[BANK1 ] unsigned char 
 Return value:  Size  Location     Type
                  1    wreg      void 
 Registers used:
		wreg, status,2, status,0, pclath, cstack
 Tracked objects:
		On entry : 
		On exit  : 
		Unchanged: 
 Data sizes:     COMMON   BANK0   BANK1   BANK3   BANK2
      Params:         0       0       0       0       0
      Locals:         0       0       1       0       0
      Temps:          0       0       2       0       0
      Totals:         0       0       3       0       0
Total ram usage:        3 bytes
 Hardware stack levels used:    1
 Hardware stack levels required when called:    7
 This function calls:
		_IO_Expander_Write
		_LCD_CMD
 This function is called by:
		_main
 This function uses a non-reentrant model


 *************** function _LCD_Clear *****************
 Defined at:
		line 163 in file "LCD.c"
 Parameters:    Size  Location     Type
		None
 Auto vars:     Size  Location     Type
		None
 Return value:  Size  Location     Type
                  1    wreg      void 
 Registers used:
		wreg, status,2, status,0, pclath, cstack
 Tracked objects:
		On entry : 
		On exit  : 
		Unchanged: 
 Data sizes:     COMMON   BANK0   BANK1   BANK3   BANK2
      Params:         0       0       0       0       0
      Locals:         0       0       0       0       0
      Temps:          0       0       1       0       0
      Totals:         0       0       1       0       0
Total ram usage:        1 bytes
 Hardware stack levels used:    1
 Hardware stack levels required when called:    7
 This function calls:
		_LCD_CMD
 This function is called by:
		_main
 This function uses a non-reentrant model


 *************** function _LCD_CMD *****************
 Defined at:
		line 108 in file "LCD.c"
 Parameters:    Size  Location     Type
  CMD             1    wreg     unsigned char 
 Auto vars:     Size  Location     Type
  CMD             1    8[BANK1 ] unsigned char 
 Return value:  Size  Location     Type
                  1    wreg      void 
 Registers used:
		wreg, status,2, status,0, pclath, cstack
 Tracked objects:
		On entry : 
		On exit  : 
		Unchanged: 
 Data sizes:     COMMON   BANK0   BANK1   BANK3   BANK2
      Params:         0       0       0       0       0
      Locals:         0       0       1       0       0
      Temps:          0       0       1       0       0
      Totals:         0       0       2       0       0
Total ram usage:        2 bytes
 Hardware stack levels used:    1
 Hardware stack levels required when called:    6
 This function calls:
		_LCD_Write_4Bit
 This function is called by:
		_LCD_Init
		_LCD_Set_Cursor
		_LCD_Clear
		_LCD_SL
		_LCD_SR
 This function uses a non-reentrant model


 *************** function _LCD_Write_4Bit *****************
 Defined at:
		line 100 in file "LCD.c"
 Parameters:    Size  Location     Type
  Nibble          1    wreg     unsigned char 
 Auto vars:     Size  Location     Type
  Nibble          1    6[BANK1 ] unsigned char 
 Return value:  Size  Location     Type
                  1    wreg      void 
 Registers used:
		wreg, status,2, status,0, pclath, cstack
 Tracked objects:
		On entry : 
		On exit  : 
		Unchanged: 
 Data sizes:     COMMON   BANK0   BANK1   BANK3   BANK2
      Params:         0       0       0       0       0
      Locals:         0       0       1       0       0
      Temps:          0       0       1       0       0
      Totals:         0       0       2       0       0
Total ram usage:        2 bytes
 Hardware stack levels used:    1
 Hardware stack levels required when called:    5
 This function calls:
		_IO_Expander_Write
 This function is called by:
		_LCD_CMD
		_LCD_Write_Char
 This function uses a non-reentrant model


 *************** function _IO_Expander_Write *****************
 Defined at:
		line 93 in file "LCD.c"
 Parameters:    Size  Location     Type
  Data            1    wreg     unsigned char 
 Auto vars:     Size  Location     Type
  Data            1    4[BANK1 ] unsigned char 
 Return value:  Size  Location     Type
                  1    wreg      void 
 Registers used:
		wreg, status,2, status,0, pclath, cstack
 Tracked objects:
		On entry : 
		On exit  : 
		Unchanged: 
 Data sizes:     COMMON   BANK0   BANK1   BANK3   BANK2
      Params:         0       0       0       0       0
      Locals:         0       0       1       0       0
      Temps:          0       0       2       0       0
      Totals:         0       0       3       0       0
Total ram usage:        3 bytes
 Hardware stack levels used:    1
 Hardware stack levels required when called:    4
 This function calls:
		_I2C_Master_Start
		_I2C_Master_Stop
		_I2C_Master_Write
 This function is called by:
		_LCD_Init
		_LCD_Write_4Bit
		_Backlight
		_noBacklight
 This function uses a non-reentrant model


 *************** function _I2C_Master_Write *****************
 Defined at:
		line 48 in file "LCD.c"
 Parameters:    Size  Location     Type
  d               2    0[BANK1 ] unsigned int 
 Auto vars:     Size  Location     Type
		None
 Return value:  Size  Location     Type
                  1    wreg      void 
 Registers used:
		wreg, status,2, status,0, pclath, cstack
 Tracked objects:
		On entry : 
		On exit  : 
		Unchanged: 
 Data sizes:     COMMON   BANK0   BANK1   BANK3   BANK2
      Params:         0       0       2       0       0
      Locals:         0       0       0       0       0
      Temps:          0       0       0       0       0
      Totals:         0       0       2       0       0
Total ram usage:        2 bytes
 Hardware stack levels used:    1
 Hardware stack levels required when called:    3
 This function calls:
		_I2C_Master_Wait
 This function is called by:
		_main
		_IO_Expander_Write
 This function uses a non-reentrant model


 *************** function _I2C_Master_Stop *****************
 Defined at:
		line 43 in file "LCD.c"
 Parameters:    Size  Location     Type
		None
 Auto vars:     Size  Location     Type
		None
 Return value:  Size  Location     Type
                  1    wreg      void 
 Registers used:
		wreg, status,2, status,0, pclath, cstack
 Tracked objects:
		On entry : 
		On exit  : 
		Unchanged: 
 Data sizes:     COMMON   BANK0   BANK1   BANK3   BANK2
      Params:         0       0       0       0       0
      Locals:         0       0       0       0       0
      Temps:          0       0       0       0       0
      Totals:         0       0       0       0       0
Total ram usage:        0 bytes
 Hardware stack levels used:    1
 Hardware stack levels required when called:    3
 This function calls:
		_I2C_Master_Wait
 This function is called by:
		_main
		_IO_Expander_Write
 This function uses a non-reentrant model


 *************** function _I2C_Master_Start *****************
 Defined at:
		line 33 in file "LCD.c"
 Parameters:    Size  Location     Type
		None
 Auto vars:     Size  Location     Type
		None
 Return value:  Size  Location     Type
                  1    wreg      void 
 Registers used:
		wreg, status,2, status,0, pclath, cstack
 Tracked objects:
		On entry : 
		On exit  : 
		Unchanged: 
 Data sizes:     COMMON   BANK0   BANK1   BANK3   BANK2
      Params:         0       0       0       0       0
      Locals:         0       0       0       0       0
      Temps:          0       0       0       0       0
      Totals:         0       0       0       0       0
Total ram usage:        0 bytes
 Hardware stack levels used:    1
 Hardware stack levels required when called:    3
 This function calls:
		_I2C_Master_Wait
 This function is called by:
		_main
		_IO_Expander_Write
 This function uses a non-reentrant model


 *************** function _I2C_Master_Read *****************
 Defined at:
		line 54 in file "LCD.c"
 Parameters:    Size  Location     Type
  a               2    0[BANK1 ] unsigned short 
 Auto vars:     Size  Location     Type
  temp            2    4[BANK1 ] unsigned short 
 Return value:  Size  Location     Type
                  2    0[BANK1 ] unsigned short 
 Registers used:
		wreg, status,2, status,0, pclath, cstack
 Tracked objects:
		On entry : 
		On exit  : 
		Unchanged: 
 Data sizes:     COMMON   BANK0   BANK1   BANK3   BANK2
      Params:         0       0       2       0       0
      Locals:         0       0       2       0       0
      Temps:          0       0       2       0       0
      Totals:         0       0       6       0       0
Total ram usage:        6 bytes
 Hardware stack levels used:    1
 Hardware stack levels required when called:    3
 This function calls:
		_I2C_Master_Wait
 This function is called by:
		_main
 This function uses a non-reentrant model


 *************** function _I2C_Master_Wait *****************
 Defined at:
		line 29 in file "LCD.c"
 Parameters:    Size  Location     Type
		None
 Auto vars:     Size  Location     Type
		None
 Return value:  Size  Location     Type
                  1    wreg      void 
 Registers used:
		wreg, status,2
 Tracked objects:
		On entry : 
		On exit  : 
		Unchanged: 
 Data sizes:     COMMON   BANK0   BANK1   BANK3   BANK2
      Params:         0       0       0       0       0
      Locals:         0       0       0       0       0
      Temps:          0       0       0       0       0
      Totals:         0       0       0       0       0
Total ram usage:        0 bytes
 Hardware stack levels used:    1
 Hardware stack levels required when called:    2
 This function calls:
		Nothing
 This function is called by:
		_I2C_Master_Start
		_I2C_Master_Stop
		_I2C_Master_Write
		_I2C_Master_Read
		_I2C_Master_RepeatedStart
 This function uses a non-reentrant model


 *************** function _isr *****************
 Defined at:
		line 66 in file "main.c"
 Parameters:    Size  Location     Type
		None
 Auto vars:     Size  Location     Type
		None
 Return value:  Size  Location     Type
                  1    wreg      void 
 Registers used:
		wreg, status,2, status,0, btemp+1, pclath, cstack
 Tracked objects:
		On entry : 
		On exit  : 
		Unchanged: 
 Data sizes:     COMMON   BANK0   BANK1   BANK3   BANK2
      Params:         0       0       0       0       0
      Locals:         0       0       0       0       0
      Temps:          0       5       0       0       0
      Totals:         0       5       0       0       0
Total ram usage:        5 bytes
 Hardware stack levels used:    1
 Hardware stack levels required when called:    1
 This function calls:
		___fldiv
		___fltol
		___xxtofl
 This function is called by:
		Interrupt level 1
 This function uses a non-reentrant model


 *************** function ___xxtofl *****************
 Defined at:
		line 10 in file "C:\Program Files\Microchip\xc8\v2.31\pic\sources\c90\common\xxtofl.c"
 Parameters:    Size  Location     Type
  sign            1    wreg     unsigned char 
  val             4    0[COMMON] long 
 Auto vars:     Size  Location     Type
  sign            1    8[COMMON] unsigned char 
  arg             4   10[COMMON] unsigned long 
  exp             1    9[COMMON] unsigned char 
 Return value:  Size  Location     Type
                  4    0[COMMON] unsigned char 
 Registers used:
		wreg, status,2, status,0
 Tracked objects:
		On entry : 
		On exit  : 
		Unchanged: 
 Data sizes:     COMMON   BANK0   BANK1   BANK3   BANK2
      Params:         4       0       0       0       0
      Locals:         6       0       0       0       0
      Temps:          4       0       0       0       0
      Totals:        14       0       0       0       0
Total ram usage:       14 bytes
 Hardware stack levels used:    1
 This function calls:
		Nothing
 This function is called by:
		_isr
 This function uses a non-reentrant model


 *************** function ___fltol *****************
 Defined at:
		line 43 in file "C:\Program Files\Microchip\xc8\v2.31\pic\sources\c90\common\fltol.c"
 Parameters:    Size  Location     Type
  f1              4   26[BANK0 ] unsigned char 
 Auto vars:     Size  Location     Type
  exp1            1   36[BANK0 ] unsigned char 
  sign1           1   35[BANK0 ] unsigned char 
 Return value:  Size  Location     Type
                  4   26[BANK0 ] long 
 Registers used:
		wreg, status,2, status,0
 Tracked objects:
		On entry : 
		On exit  : 
		Unchanged: 
 Data sizes:     COMMON   BANK0   BANK1   BANK3   BANK2
      Params:         0       4       0       0       0
      Locals:         0       2       0       0       0
      Temps:          0       5       0       0       0
      Totals:         0      11       0       0       0
Total ram usage:       11 bytes
 Hardware stack levels used:    1
 This function calls:
		Nothing
 This function is called by:
		_isr
 This function uses a non-reentrant model


 *************** function ___fldiv *****************
 Defined at:
		line 8 in file "C:\Program Files\Microchip\xc8\v2.31\pic\sources\c90\common\sprcdiv.c"
 Parameters:    Size  Location     Type
  a               4    0[BANK0 ] long 
  b               4    4[BANK0 ] long 
 Auto vars:     Size  Location     Type
  grs             4   20[BANK0 ] unsigned long 
  rem             4   13[BANK0 ] unsigned long 
  new_exp         2   18[BANK0 ] int 
  aexp            1   25[BANK0 ] unsigned char 
  bexp            1   24[BANK0 ] unsigned char 
  sign            1   17[BANK0 ] unsigned char 
 Return value:  Size  Location     Type
                  4    0[BANK0 ] unsigned char 
 Registers used:
		wreg, status,2, status,0, btemp+1
 Tracked objects:
		On entry : 
		On exit  : 
		Unchanged: 
 Data sizes:     COMMON   BANK0   BANK1   BANK3   BANK2
      Params:         0       8       0       0       0
      Locals:         0      13       0       0       0
      Temps:          0       5       0       0       0
      Totals:         0      26       0       0       0
Total ram usage:       26 bytes
 Hardware stack levels used:    1
 This function calls:
		Nothing
 This function is called by:
		_isr
 This function uses a non-reentrant model



MODULE INFORMATION

Module		Function		Class		Link	Load	Size
C:\Program Files\Microchip\xc8\v2.31\pic\sources\c90\common\__lldiv.c
		___lldiv       		CODE           	0736	0000	104

C:\Program Files\Microchip\xc8\v2.31\pic\sources\c90\common\__lldiv.c estimated size: 104

C:\Program Files\Microchip\xc8\v2.31\pic\sources\c90\common\sprcdiv.c
		___fldiv       		CODE           	02AF	0000	477

C:\Program Files\Microchip\xc8\v2.31\pic\sources\c90\common\sprcdiv.c estimated size: 477

C:\Program Files\Microchip\xc8\v2.31\pic\sources\c90\common\lwmod.c
		___lwmod       		CODE           	0E81	0000	60

C:\Program Files\Microchip\xc8\v2.31\pic\sources\c90\common\lwmod.c estimated size: 60

C:\Program Files\Microchip\xc8\v2.31\pic\sources\c90\common\awmod.c
		___awmod       		CODE           	079E	0000	91

C:\Program Files\Microchip\xc8\v2.31\pic\sources\c90\common\awmod.c estimated size: 91

C:\Program Files\Microchip\xc8\v2.31\pic\sources\c90\common\strcat.c
		_strcat        		CODE           	0DBA	0000	43

C:\Program Files\Microchip\xc8\v2.31\pic\sources\c90\common\strcat.c estimated size: 43

C:\Program Files\Microchip\xc8\v2.31\pic\sources\c90\common\lwdiv.c
		___lwdiv       		CODE           	0EBD	0000	70

C:\Program Files\Microchip\xc8\v2.31\pic\sources\c90\common\lwdiv.c estimated size: 70

C:\Program Files\Microchip\xc8\v2.31\pic\sources\c90\common\awdiv.c
		___awdiv       		CODE           	06CD	0000	105

C:\Program Files\Microchip\xc8\v2.31\pic\sources\c90\common\awdiv.c estimated size: 105

shared
		__stringtab    		STRING         	0800	0000	16
		__initialization		CODE           	0013	0000	24

shared estimated size: 40

C:\Program Files\Microchip\xc8\v2.31\pic\sources\c90\common\fltol.c
		___fltol       		CODE           	05DF	0000	124

C:\Program Files\Microchip\xc8\v2.31\pic\sources\c90\common\fltol.c estimated size: 124

C:\Program Files\Microchip\xc8\v2.31\pic\sources\c90\common\xxtofl.c
		___xxtofl      		CODE           	048C	0000	186

C:\Program Files\Microchip\xc8\v2.31\pic\sources\c90\common\xxtofl.c estimated size: 186

C:\Program Files\Microchip\xc8\v2.31\pic\sources\c90\common\itoa.c
		_itoa          		CODE           	0D3F	0000	38
		_utoa          		CODE           	065B	0000	114

C:\Program Files\Microchip\xc8\v2.31\pic\sources\c90\common\itoa.c estimated size: 152

main.c
		_main          		CODE           	002F	0000	640
		_unidades      		CODE           	0D65	0000	42
		_envio_char    		CODE           	0C84	0000	15
		_isr           		CODE           	0F9D	0000	99
		_decenas       		CODE           	0D19	0000	38
		_setup         		CODE           	0F03	0000	70
		_centenas      		CODE           	0CA6	0000	23

main.c estimated size: 927

LCD.c
		_LCD_Init      		CODE           	0546	0000	153
		_LCD_Write_4Bit		CODE           	0CDB	0000	31
		_LCD_Write_Char		CODE           	0CFA	0000	31
		_LCD_CMD       		CODE           	0CBD	0000	30
		_I2C_Master_Read		CODE           	0DE5	0000	46
		_I2C_Master_Wait		CODE           	0C69	0000	13
		_I2C_Master_Init		CODE           	0E13	0000	54
		_I2C_Master_Stop		CODE           	0C4A	0000	9
		_LCD_Set_Cursor		CODE           	0E49	0000	56
		_LCD_Clear     		CODE           	0C76	0000	14
		_IO_Expander_Write		CODE           	0D8F	0000	43
		_I2C_Master_Write		CODE           	0C5D	0000	12
		_I2C_Master_Start		CODE           	0C41	0000	9
		_LCD_Write_String		CODE           	0F49	0000	84

LCD.c estimated size: 585

